  笆ｲ Next.js 14.2.3
  - Environments: .env.local

   Creating an optimized production build ...
